Release 14.7 - xst P.20131013 (lin64)
Copyright (c) 1995-2013 Xilinx, Inc.  All rights reserved.
--> 
Parameter TMPDIR set to xst/projnav.tmp


Total REAL time to Xst completion: 0.00 secs
Total CPU time to Xst completion: 0.05 secs
 
--> 
Parameter xsthdpdir set to xst


Total REAL time to Xst completion: 0.00 secs
Total CPU time to Xst completion: 0.05 secs
 
--> 
Reading design: clock_gen.prj

TABLE OF CONTENTS
  1) Synthesis Options Summary
  2) HDL Parsing
  3) HDL Elaboration
  4) HDL Synthesis
       4.1) HDL Synthesis Report
  5) Advanced HDL Synthesis
       5.1) Advanced HDL Synthesis Report
  6) Low Level Synthesis
  7) Partition Report
  8) Design Summary
       8.1) Primitive and Black Box Usage
       8.2) Device utilization summary
       8.3) Partition Resource Summary
       8.4) Timing Report
            8.4.1) Clock Information
            8.4.2) Asynchronous Control Signals Information
            8.4.3) Timing Summary
            8.4.4) Timing Details
            8.4.5) Cross Clock Domains Report


=========================================================================
*                      Synthesis Options Summary                        *
=========================================================================
---- Source Parameters
Input File Name                    : "clock_gen.prj"
Ignore Synthesis Constraint File   : NO

---- Target Parameters
Output File Name                   : "clock_gen"
Output Format                      : NGC
Target Device                      : xc6slx16-3-csg324

---- Source Options
Top Module Name                    : clock_gen
Automatic FSM Extraction           : YES
FSM Encoding Algorithm             : Auto
Safe Implementation                : No
FSM Style                          : LUT
RAM Extraction                     : Yes
RAM Style                          : Auto
ROM Extraction                     : Yes
Shift Register Extraction          : YES
ROM Style                          : Auto
Resource Sharing                   : YES
Asynchronous To Synchronous        : NO
Shift Register Minimum Size        : 2
Use DSP Block                      : Auto
Automatic Register Balancing       : No

---- Target Options
LUT Combining                      : Auto
Reduce Control Sets                : Auto
Add IO Buffers                     : YES
Global Maximum Fanout              : 100000
Add Generic Clock Buffer(BUFG)     : 16
Register Duplication               : YES
Optimize Instantiated Primitives   : NO
Use Clock Enable                   : Auto
Use Synchronous Set                : Auto
Use Synchronous Reset              : Auto
Pack IO Registers into IOBs        : Auto
Equivalent register Removal        : YES

---- General Options
Optimization Goal                  : Speed
Optimization Effort                : 1
Power Reduction                    : NO
Keep Hierarchy                     : No
Netlist Hierarchy                  : As_Optimized
RTL Output                         : Yes
Global Optimization                : AllClockNets
Read Cores                         : YES
Write Timing Constraints           : NO
Cross Clock Analysis               : NO
Hierarchy Separator                : /
Bus Delimiter                      : <>
Case Specifier                     : Maintain
Slice Utilization Ratio            : 100
BRAM Utilization Ratio             : 100
DSP48 Utilization Ratio            : 100
Auto BRAM Packing                  : NO
Slice Utilization Ratio Delta      : 5

=========================================================================


=========================================================================
*                          HDL Parsing                                  *
=========================================================================
Analyzing Verilog file "/home/ise/CSM152A/lab2/clock_gen.v" into library work
Parsing module <clock_gen>.
Parsing module <clock_div_two>.
Parsing module <clock_div_thirty_two>.
Parsing module <clock_div_twenty_six>.
Parsing module <clock_div_three>.
Parsing module <clock_div_five>.
Parsing module <clock_pulse>.
Parsing module <clock_strobe>.

=========================================================================
*                            HDL Elaboration                            *
=========================================================================

Elaborating module <clock_gen>.

Elaborating module <clock_div_two>.

Elaborating module <clock_div_thirty_two>.

Elaborating module <clock_div_twenty_six>.

Elaborating module <clock_div_three>.

Elaborating module <clock_div_five>.

Elaborating module <clock_pulse>.

Elaborating module <clock_strobe>.
WARNING:HDLCompiler:413 - "/home/ise/CSM152A/lab2/clock_gen.v" Line 241: Result of 32-bit expression is truncated to fit in 8-bit target.
WARNING:HDLCompiler:413 - "/home/ise/CSM152A/lab2/clock_gen.v" Line 243: Result of 9-bit expression is truncated to fit in 8-bit target.

=========================================================================
*                           HDL Synthesis                               *
=========================================================================

Synthesizing Unit <clock_gen>.
    Related source file is "/home/ise/CSM152A/lab2/clock_gen.v".
    Summary:
	no macro.
Unit <clock_gen> synthesized.

Synthesizing Unit <clock_div_two>.
    Related source file is "/home/ise/CSM152A/lab2/clock_gen.v".
    Found 4-bit register for signal <a>.
    Found 4-bit adder for signal <a[3]_GND_2_o_add_1_OUT> created at line 90.
    Summary:
	inferred   1 Adder/Subtractor(s).
	inferred   4 D-type flip-flop(s).
Unit <clock_div_two> synthesized.

Synthesizing Unit <clock_div_thirty_two>.
    Related source file is "/home/ise/CSM152A/lab2/clock_gen.v".
    Found 1-bit register for signal <clk_div_32>.
    Found 4-bit register for signal <a>.
    Found 4-bit adder for signal <a[3]_GND_3_o_add_1_OUT> created at line 107.
    Summary:
	inferred   1 Adder/Subtractor(s).
	inferred   5 D-type flip-flop(s).
Unit <clock_div_thirty_two> synthesized.

Synthesizing Unit <clock_div_twenty_six>.
    Related source file is "/home/ise/CSM152A/lab2/clock_gen.v".
    Found 1-bit register for signal <clk_div_26>.
    Found 4-bit register for signal <a>.
    Found 4-bit adder for signal <a[3]_GND_4_o_add_1_OUT> created at line 122.
    Summary:
	inferred   1 Adder/Subtractor(s).
	inferred   5 D-type flip-flop(s).
Unit <clock_div_twenty_six> synthesized.

Synthesizing Unit <clock_div_three>.
    Related source file is "/home/ise/CSM152A/lab2/clock_gen.v".
    Found 1-bit register for signal <clk_pos>.
    Found 4-bit register for signal <b>.
    Found 1-bit register for signal <clk_neg>.
    Found 4-bit register for signal <a>.
    Found 4-bit adder for signal <a[3]_GND_5_o_add_1_OUT> created at line 145.
    Found 4-bit adder for signal <b[3]_GND_5_o_add_8_OUT> created at line 156.
    Summary:
	inferred   2 Adder/Subtractor(s).
	inferred  10 D-type flip-flop(s).
Unit <clock_div_three> synthesized.

Synthesizing Unit <clock_div_five>.
    Related source file is "/home/ise/CSM152A/lab2/clock_gen.v".
    Found 1-bit register for signal <clk_pos>.
    Found 4-bit register for signal <b>.
    Found 1-bit register for signal <clk_neg>.
    Found 4-bit register for signal <a>.
    Found 4-bit adder for signal <a[3]_GND_6_o_add_1_OUT> created at line 178.
    Found 4-bit adder for signal <b[3]_GND_6_o_add_9_OUT> created at line 189.
    Summary:
	inferred   2 Adder/Subtractor(s).
	inferred  10 D-type flip-flop(s).
Unit <clock_div_five> synthesized.

Synthesizing Unit <clock_pulse>.
    Related source file is "/home/ise/CSM152A/lab2/clock_gen.v".
    Found 1-bit register for signal <flip_bit>.
    Found 1-bit register for signal <clk_div>.
    Found 7-bit register for signal <a>.
    Found 7-bit adder for signal <a[6]_GND_7_o_add_1_OUT> created at line 212.
    Summary:
	inferred   1 Adder/Subtractor(s).
	inferred   9 D-type flip-flop(s).
Unit <clock_pulse> synthesized.

Synthesizing Unit <clock_strobe>.
    Related source file is "/home/ise/CSM152A/lab2/clock_gen.v".
    Found 8-bit register for signal <toggle_counter>.
    Found 3-bit register for signal <a>.
    Found 3-bit adder for signal <a[2]_GND_8_o_add_1_OUT> created at line 238.
    Found 8-bit adder for signal <toggle_counter[7]_GND_8_o_add_4_OUT> created at line 243.
    Found 8-bit subtractor for signal <GND_8_o_GND_8_o_sub_4_OUT<7:0>> created at line 241.
    Summary:
	inferred   2 Adder/Subtractor(s).
	inferred  11 D-type flip-flop(s).
	inferred   1 Multiplexer(s).
Unit <clock_strobe> synthesized.

=========================================================================
HDL Synthesis Report

Macro Statistics
# Adders/Subtractors                                   : 10
 3-bit adder                                           : 1
 4-bit adder                                           : 7
 7-bit adder                                           : 1
 8-bit addsub                                          : 1
# Registers                                            : 18
 1-bit register                                        : 8
 3-bit register                                        : 1
 4-bit register                                        : 7
 7-bit register                                        : 1
 8-bit register                                        : 1
# Multiplexers                                         : 1
 8-bit 2-to-1 multiplexer                              : 1

=========================================================================
INFO:Xst:1767 - HDL ADVISOR - Resource sharing has identified that some arithmetic operations in this design can share the same physical resources for reduced device utilization. For improved clock frequency you may try to disable resource sharing.

=========================================================================
*                       Advanced HDL Synthesis                          *
=========================================================================


Synthesizing (advanced) Unit <clock_div_five>.
The following registers are absorbed into counter <b>: 1 register on signal <b>.
The following registers are absorbed into counter <a>: 1 register on signal <a>.
Unit <clock_div_five> synthesized (advanced).

Synthesizing (advanced) Unit <clock_div_thirty_two>.
The following registers are absorbed into counter <a>: 1 register on signal <a>.
Unit <clock_div_thirty_two> synthesized (advanced).

Synthesizing (advanced) Unit <clock_div_three>.
The following registers are absorbed into counter <b>: 1 register on signal <b>.
The following registers are absorbed into counter <a>: 1 register on signal <a>.
Unit <clock_div_three> synthesized (advanced).

Synthesizing (advanced) Unit <clock_div_twenty_six>.
The following registers are absorbed into counter <a>: 1 register on signal <a>.
Unit <clock_div_twenty_six> synthesized (advanced).

Synthesizing (advanced) Unit <clock_div_two>.
The following registers are absorbed into counter <a>: 1 register on signal <a>.
Unit <clock_div_two> synthesized (advanced).

Synthesizing (advanced) Unit <clock_pulse>.
The following registers are absorbed into counter <a>: 1 register on signal <a>.
Unit <clock_pulse> synthesized (advanced).

Synthesizing (advanced) Unit <clock_strobe>.
The following registers are absorbed into counter <a>: 1 register on signal <a>.
The following registers are absorbed into accumulator <toggle_counter>: 1 register on signal <toggle_counter>.
Unit <clock_strobe> synthesized (advanced).

=========================================================================
Advanced HDL Synthesis Report

Macro Statistics
# Counters                                             : 9
 3-bit up counter                                      : 1
 4-bit up counter                                      : 7
 7-bit up counter                                      : 1
# Accumulators                                         : 1
 8-bit updown accumulator                              : 1
# Registers                                            : 8
 Flip-Flops                                            : 8

=========================================================================

=========================================================================
*                         Low Level Synthesis                           *
=========================================================================
INFO:Xst:2146 - In block <clock_gen>, Counter <task1/a> <task2/a> are equivalent, XST will keep only <task1/a>.

Optimizing unit <clock_gen> ...
WARNING:Xst:1293 - FF/Latch <task456/b_2> has a constant value of 0 in block <clock_gen>. This FF/Latch will be trimmed during the optimization process.
WARNING:Xst:1293 - FF/Latch <task456/b_3> has a constant value of 0 in block <clock_gen>. This FF/Latch will be trimmed during the optimization process.
WARNING:Xst:1293 - FF/Latch <task7/b_3> has a constant value of 0 in block <clock_gen>. This FF/Latch will be trimmed during the optimization process.
WARNING:Xst:1896 - Due to other FF/Latch trimming, FF/Latch <task456/a_2> has a constant value of 0 in block <clock_gen>. This FF/Latch will be trimmed during the optimization process.
WARNING:Xst:1896 - Due to other FF/Latch trimming, FF/Latch <task456/a_3> has a constant value of 0 in block <clock_gen>. This FF/Latch will be trimmed during the optimization process.
WARNING:Xst:1896 - Due to other FF/Latch trimming, FF/Latch <task7/a_3> has a constant value of 0 in block <clock_gen>. This FF/Latch will be trimmed during the optimization process.
WARNING:Xst:1896 - Due to other FF/Latch trimming, FF/Latch <task9/a_2> has a constant value of 0 in block <clock_gen>. This FF/Latch will be trimmed during the optimization process.
INFO:Xst:2261 - The FF/Latch <task1/a_0> in Unit <clock_gen> is equivalent to the following 2 FFs/Latches, which will be removed : <task8/a_0> <task9/a_0> 
INFO:Xst:2261 - The FF/Latch <task1/a_1> in Unit <clock_gen> is equivalent to the following 2 FFs/Latches, which will be removed : <task8/a_1> <task9/a_1> 

Mapping all equations...
Building and optimizing final netlist ...
Found area constraint ratio of 100 (+ 5) on block clock_gen, actual ratio is 0.
FlipFlop task1/a_0 has been replicated 1 time(s)

Final Macro Processing ...

=========================================================================
Final Register Report

Macro Statistics
# Registers                                            : 40
 Flip-Flops                                            : 40

=========================================================================

=========================================================================
*                           Partition Report                            *
=========================================================================

Partition Implementation Status
-------------------------------

  No Partitions were found in this design.

-------------------------------

=========================================================================
*                            Design Summary                             *
=========================================================================

Top Level Output File Name         : clock_gen.ngc

Primitive and Black Box Usage:
------------------------------
# BELS                             : 62
#      INV                         : 9
#      LUT2                        : 15
#      LUT3                        : 8
#      LUT4                        : 7
#      LUT5                        : 7
#      LUT6                        : 13
#      MUXF7                       : 3
# FlipFlops/Latches                : 40
#      FD                          : 11
#      FD_1                        : 2
#      FDE                         : 8
#      FDR                         : 19
# Clock Buffers                    : 1
#      BUFGP                       : 1
# IO Buffers                       : 20
#      IBUF                        : 1
#      OBUF                        : 19

Device utilization summary:
---------------------------

Selected Device : 6slx16csg324-3 


Slice Logic Utilization: 
 Number of Slice Registers:              40  out of  18224     0%  
 Number of Slice LUTs:                   59  out of   9112     0%  
    Number used as Logic:                59  out of   9112     0%  

Slice Logic Distribution: 
 Number of LUT Flip Flop pairs used:     60
   Number with an unused Flip Flop:      20  out of     60    33%  
   Number with an unused LUT:             1  out of     60     1%  
   Number of fully used LUT-FF pairs:    39  out of     60    65%  
   Number of unique control sets:         8

IO Utilization: 
 Number of IOs:                          21
 Number of bonded IOBs:                  21  out of    232     9%  

Specific Feature Utilization:
 Number of BUFG/BUFGCTRLs:                1  out of     16     6%  

---------------------------
Partition Resource Summary:
---------------------------

  No Partitions were found in this design.

---------------------------


=========================================================================
Timing Report

NOTE: THESE TIMING NUMBERS ARE ONLY A SYNTHESIS ESTIMATE.
      FOR ACCURATE TIMING INFORMATION PLEASE REFER TO THE TRACE REPORT
      GENERATED AFTER PLACE-and-ROUTE.

Clock Information:
------------------
-----------------------------------+------------------------+-------+
Clock Signal                       | Clock buffer(FF name)  | Load  |
-----------------------------------+------------------------+-------+
clk_in                             | BUFGP                  | 40    |
-----------------------------------+------------------------+-------+

Asynchronous Control Signals Information:
----------------------------------------
No asynchronous control signals found in this design

Timing Summary:
---------------
Speed Grade: -3

   Minimum period: 3.410ns (Maximum Frequency: 293.225MHz)
   Minimum input arrival time before clock: 3.840ns
   Maximum output required time after clock: 4.521ns
   Maximum combinational path delay: No path found

Timing Details:
---------------
All values displayed in nanoseconds (ns)

=========================================================================
Timing constraint: Default period analysis for Clock 'clk_in'
  Clock period: 3.410ns (frequency: 293.225MHz)
  Total number of paths / destination ports: 235 / 54
-------------------------------------------------------------------------
Delay:               3.410ns (Levels of Logic = 3)
  Source:            task8/a_4 (FF)
  Destination:       task8/a_2 (FF)
  Source Clock:      clk_in rising
  Destination Clock: clk_in rising

  Data Path: task8/a_4 to task8/a_2
                                Gate     Net
    Cell:in->out      fanout   Delay   Delay  Logical Name (Net Name)
    ----------------------------------------  ------------
     FD:C->Q               4   0.447   0.912  task8/a_4 (task8/a_4)
     LUT4:I1->O            4   0.205   0.684  task8/GND_7_o_GND_7_o_equal_4_o<6>11 (task8/GND_7_o_GND_7_o_equal_4_o<6>1)
     LUT5:I4->O            3   0.205   0.651  task8/Mcount_a_val1 (task8/Mcount_a_val)
     LUT4:I3->O            1   0.205   0.000  task8/a_2_rstpot (task8/a_2_rstpot)
     FD:D                      0.102          task8/a_2
    ----------------------------------------
    Total                      3.410ns (1.164ns logic, 2.246ns route)
                                       (34.1% logic, 65.9% route)

=========================================================================
Timing constraint: Default OFFSET IN BEFORE for Clock 'clk_in'
  Total number of paths / destination ports: 32 / 32
-------------------------------------------------------------------------
Offset:              3.840ns (Levels of Logic = 2)
  Source:            rst (PAD)
  Destination:       task3/a_1 (FF)
  Destination Clock: clk_in rising

  Data Path: rst to task3/a_1
                                Gate     Net
    Cell:in->out      fanout   Delay   Delay  Logical Name (Net Name)
    ----------------------------------------  ------------
     IBUF:I->O            14   1.222   1.302  rst_IBUF (rst_IBUF)
     LUT5:I0->O            4   0.203   0.683  task3/Mcount_a_val1 (task3/Mcount_a_val)
     FDR:R                     0.430          task3/a_0
    ----------------------------------------
    Total                      3.840ns (1.855ns logic, 1.985ns route)
                                       (48.3% logic, 51.7% route)

=========================================================================
Timing constraint: Default OFFSET OUT AFTER for Clock 'clk_in'
  Total number of paths / destination ports: 21 / 19
-------------------------------------------------------------------------
Offset:              4.521ns (Levels of Logic = 2)
  Source:            task456/clk_pos (FF)
  Destination:       clk_div_3 (PAD)
  Source Clock:      clk_in rising

  Data Path: task456/clk_pos to clk_div_3
                                Gate     Net
    Cell:in->out      fanout   Delay   Delay  Logical Name (Net Name)
    ----------------------------------------  ------------
     FD:C->Q               2   0.447   0.721  task456/clk_pos (task456/clk_pos)
     LUT2:I0->O            1   0.203   0.579  task456/clk_div_31 (clk_div_3_OBUF)
     OBUF:I->O                 2.571          clk_div_3_OBUF (clk_div_3)
    ----------------------------------------
    Total                      4.521ns (3.221ns logic, 1.300ns route)
                                       (71.2% logic, 28.8% route)

=========================================================================

Cross Clock Domains Report:
--------------------------

Clock to Setup on destination clock clk_in
---------------+---------+---------+---------+---------+
               | Src:Rise| Src:Fall| Src:Rise| Src:Fall|
Source Clock   |Dest:Rise|Dest:Rise|Dest:Fall|Dest:Fall|
---------------+---------+---------+---------+---------+
clk_in         |    3.410|         |    2.612|         |
---------------+---------+---------+---------+---------+

=========================================================================


Total REAL time to Xst completion: 4.00 secs
Total CPU time to Xst completion: 3.13 secs
 
--> 


Total memory usage is 482920 kilobytes

Number of errors   :    0 (   0 filtered)
Number of warnings :    9 (   0 filtered)
Number of infos    :    4 (   0 filtered)

